Performing C SOURCE FILE Test CMAKE_HAVE_LIBC_PTHREAD failed with the following output:
Change Dir: /home/zhangliwei/eppather/CMakeFiles/CMakeTmp

Run Build Command(s):/usr/local/bin/make cmTC_9f38b/fast && /usr/local/bin/make -f CMakeFiles/cmTC_9f38b.dir/build.make CMakeFiles/cmTC_9f38b.dir/build
make[1]: Entering directory `/home/zhangliwei/eppather/CMakeFiles/CMakeTmp'
Building C object CMakeFiles/cmTC_9f38b.dir/src.c.o
/usr/bin/cc   -DCMAKE_HAVE_LIBC_PTHREAD   -o CMakeFiles/cmTC_9f38b.dir/src.c.o   -c /home/zhangliwei/eppather/CMakeFiles/CMakeTmp/src.c
Linking C executable cmTC_9f38b
/usr/bin/cmake -E cmake_link_script CMakeFiles/cmTC_9f38b.dir/link.txt --verbose=1
/usr/bin/cc  -DCMAKE_HAVE_LIBC_PTHREAD    CMakeFiles/cmTC_9f38b.dir/src.c.o  -o cmTC_9f38b 
/usr/bin/ld: CMakeFiles/cmTC_9f38b.dir/src.c.o: in function `main':
src.c:(.text+0x46): undefined reference to `pthread_create'
/usr/bin/ld: src.c:(.text+0x52): undefined reference to `pthread_detach'
/usr/bin/ld: src.c:(.text+0x63): undefined reference to `pthread_join'
collect2: error: ld returned 1 exit status
make[1]: *** [cmTC_9f38b] Error 1
make[1]: Leaving directory `/home/zhangliwei/eppather/CMakeFiles/CMakeTmp'
make: *** [cmTC_9f38b/fast] Error 2


Source file was:
#include <pthread.h>

void* test_func(void* data)
{
  return data;
}

int main(void)
{
  pthread_t thread;
  pthread_create(&thread, NULL, test_func, NULL);
  pthread_detach(thread);
  pthread_join(thread, NULL);
  pthread_atfork(NULL, NULL, NULL);
  pthread_exit(NULL);

  return 0;
}

Determining if the function pthread_create exists in the pthreads failed with the following output:
Change Dir: /home/zhangliwei/eppather/CMakeFiles/CMakeTmp

Run Build Command(s):/usr/local/bin/make cmTC_b9d5a/fast && /usr/local/bin/make -f CMakeFiles/cmTC_b9d5a.dir/build.make CMakeFiles/cmTC_b9d5a.dir/build
make[1]: Entering directory `/home/zhangliwei/eppather/CMakeFiles/CMakeTmp'
Building C object CMakeFiles/cmTC_b9d5a.dir/CheckFunctionExists.c.o
/usr/bin/cc   -DCHECK_FUNCTION_EXISTS=pthread_create   -o CMakeFiles/cmTC_b9d5a.dir/CheckFunctionExists.c.o   -c /usr/share/cmake-3.16/Modules/CheckFunctionExists.c
Linking C executable cmTC_b9d5a
/usr/bin/cmake -E cmake_link_script CMakeFiles/cmTC_b9d5a.dir/link.txt --verbose=1
/usr/bin/cc  -DCHECK_FUNCTION_EXISTS=pthread_create    CMakeFiles/cmTC_b9d5a.dir/CheckFunctionExists.c.o  -o cmTC_b9d5a  -lpthreads 
/usr/bin/ld: cannot find -lpthreads
collect2: error: ld returned 1 exit status
make[1]: *** [cmTC_b9d5a] Error 1
make[1]: Leaving directory `/home/zhangliwei/eppather/CMakeFiles/CMakeTmp'
make: *** [cmTC_b9d5a/fast] Error 2



Performing C SOURCE FILE Test CMAKE_HAVE_LIBC_PTHREAD failed with the following output:
Change Dir: /home/zhangliwei/eppather/CMakeFiles/CMakeTmp

Run Build Command(s):/usr/local/bin/make cmTC_9d16f/fast && /usr/local/bin/make -f CMakeFiles/cmTC_9d16f.dir/build.make CMakeFiles/cmTC_9d16f.dir/build
make[1]: Entering directory `/home/zhangliwei/eppather/CMakeFiles/CMakeTmp'
Building C object CMakeFiles/cmTC_9d16f.dir/src.c.o
/usr/bin/cc   -DCMAKE_HAVE_LIBC_PTHREAD   -o CMakeFiles/cmTC_9d16f.dir/src.c.o   -c /home/zhangliwei/eppather/CMakeFiles/CMakeTmp/src.c
Linking C executable cmTC_9d16f
/usr/bin/cmake -E cmake_link_script CMakeFiles/cmTC_9d16f.dir/link.txt --verbose=1
/usr/bin/cc  -DCMAKE_HAVE_LIBC_PTHREAD    CMakeFiles/cmTC_9d16f.dir/src.c.o  -o cmTC_9d16f 
/usr/bin/ld: CMakeFiles/cmTC_9d16f.dir/src.c.o: in function `main':
src.c:(.text+0x46): undefined reference to `pthread_create'
/usr/bin/ld: src.c:(.text+0x52): undefined reference to `pthread_detach'
/usr/bin/ld: src.c:(.text+0x63): undefined reference to `pthread_join'
collect2: error: ld returned 1 exit status
make[1]: *** [cmTC_9d16f] Error 1
make[1]: Leaving directory `/home/zhangliwei/eppather/CMakeFiles/CMakeTmp'
make: *** [cmTC_9d16f/fast] Error 2


Source file was:
#include <pthread.h>

void* test_func(void* data)
{
  return data;
}

int main(void)
{
  pthread_t thread;
  pthread_create(&thread, NULL, test_func, NULL);
  pthread_detach(thread);
  pthread_join(thread, NULL);
  pthread_atfork(NULL, NULL, NULL);
  pthread_exit(NULL);

  return 0;
}

Determining if the function pthread_create exists in the pthreads failed with the following output:
Change Dir: /home/zhangliwei/eppather/CMakeFiles/CMakeTmp

Run Build Command(s):/usr/local/bin/make cmTC_fb883/fast && /usr/local/bin/make -f CMakeFiles/cmTC_fb883.dir/build.make CMakeFiles/cmTC_fb883.dir/build
make[1]: Entering directory `/home/zhangliwei/eppather/CMakeFiles/CMakeTmp'
Building C object CMakeFiles/cmTC_fb883.dir/CheckFunctionExists.c.o
/usr/bin/cc   -DCHECK_FUNCTION_EXISTS=pthread_create   -o CMakeFiles/cmTC_fb883.dir/CheckFunctionExists.c.o   -c /usr/share/cmake-3.16/Modules/CheckFunctionExists.c
Linking C executable cmTC_fb883
/usr/bin/cmake -E cmake_link_script CMakeFiles/cmTC_fb883.dir/link.txt --verbose=1
/usr/bin/cc  -DCHECK_FUNCTION_EXISTS=pthread_create    CMakeFiles/cmTC_fb883.dir/CheckFunctionExists.c.o  -o cmTC_fb883  -lpthreads 
/usr/bin/ld: cannot find -lpthreads
collect2: error: ld returned 1 exit status
make[1]: *** [cmTC_fb883] Error 1
make[1]: Leaving directory `/home/zhangliwei/eppather/CMakeFiles/CMakeTmp'
make: *** [cmTC_fb883/fast] Error 2



